Eğitim cihazı: cuda
Epoch 1/50 - Test Doğruluk: 41.70%
En iyi model kaydedildi! Doğruluk: 41.70%
Epoch 2/50 - Test Doğruluk: 38.77%
Epoch 3/50 - Test Doğruluk: 37.80%
Epoch 4/50 - Test Doğruluk: 67.45%
En iyi model kaydedildi! Doğruluk: 67.45%
Epoch 5/50 - Test Doğruluk: 71.12%
En iyi model kaydedildi! Doğruluk: 71.12%
Epoch 6/50 - Test Doğruluk: 73.98%
En iyi model kaydedildi! Doğruluk: 73.98%
Epoch 7/50 - Test Doğruluk: 74.38%
En iyi model kaydedildi! Doğruluk: 74.38%
Epoch 8/50 - Test Doğruluk: 75.06%
En iyi model kaydedildi! Doğruluk: 75.06%
Epoch 9/50 - Test Doğruluk: 78.94%
En iyi model kaydedildi! Doğruluk: 78.94%
Epoch 10/50 - Test Doğruluk: 75.90%
Epoch 11/50 - Test Doğruluk: 80.13%
En iyi model kaydedildi! Doğruluk: 80.13%
Epoch 12/50 - Test Doğruluk: 77.98%
Epoch 13/50 - Test Doğruluk: 82.73%
En iyi model kaydedildi! Doğruluk: 82.73%
Epoch 14/50 - Test Doğruluk: 76.91%
Epoch 15/50 - Test Doğruluk: 74.91%
Epoch 16/50 - Test Doğruluk: 77.83%
Epoch 17/50 - Test Doğruluk: 81.66%
Epoch 18/50 - Test Doğruluk: 84.56%
En iyi model kaydedildi! Doğruluk: 84.56%
Epoch 19/50 - Test Doğruluk: 84.98%
En iyi model kaydedildi! Doğruluk: 84.98%
Epoch 20/50 - Test Doğruluk: 83.86%
Epoch 21/50 - Test Doğruluk: 85.72%
En iyi model kaydedildi! Doğruluk: 85.72%
Epoch 22/50 - Test Doğruluk: 85.27%
Epoch 23/50 - Test Doğruluk: 84.37%
Epoch 24/50 - Test Doğruluk: 84.33%
Epoch 25/50 - Test Doğruluk: 85.69%
Epoch 26/50 - Test Doğruluk: 86.14%
En iyi model kaydedildi! Doğruluk: 86.14%
Epoch 27/50 - Test Doğruluk: 88.83%
En iyi model kaydedildi! Doğruluk: 88.83%
Epoch 28/50 - Test Doğruluk: 88.44%
Epoch 29/50 - Test Doğruluk: 89.70%
En iyi model kaydedildi! Doğruluk: 89.70%
Epoch 30/50 - Test Doğruluk: 86.86%
Epoch 31/50 - Test Doğruluk: 89.66%
Epoch 32/50 - Test Doğruluk: 88.60%
Epoch 33/50 - Test Doğruluk: 88.90%
Epoch 34/50 - Test Doğruluk: 90.97%
En iyi model kaydedildi! Doğruluk: 90.97%
Epoch 35/50 - Test Doğruluk: 91.21%
En iyi model kaydedildi! Doğruluk: 91.21%
Epoch 36/50 - Test Doğruluk: 91.43%
En iyi model kaydedildi! Doğruluk: 91.43%
Epoch 37/50 - Test Doğruluk: 91.01%
Epoch 38/50 - Test Doğruluk: 91.74%
En iyi model kaydedildi! Doğruluk: 91.74%
Epoch 39/50 - Test Doğruluk: 92.58%
En iyi model kaydedildi! Doğruluk: 92.58%
Epoch 40/50 - Test Doğruluk: 92.74%
En iyi model kaydedildi! Doğruluk: 92.74%
Epoch 41/50 - Test Doğruluk: 92.96%
En iyi model kaydedildi! Doğruluk: 92.96%
Epoch 42/50 - Test Doğruluk: 93.64%
En iyi model kaydedildi! Doğruluk: 93.64%
Epoch 43/50 - Test Doğruluk: 94.08%
En iyi model kaydedildi! Doğruluk: 94.08%
Epoch 44/50 - Test Doğruluk: 93.99%
Epoch 45/50 - Test Doğruluk: 94.16%
En iyi model kaydedildi! Doğruluk: 94.16%
Epoch 46/50 - Test Doğruluk: 94.32%
En iyi model kaydedildi! Doğruluk: 94.32%
Epoch 47/50 - Test Doğruluk: 94.36%
En iyi model kaydedildi! Doğruluk: 94.36%
Epoch 48/50 - Test Doğruluk: 94.39%
En iyi model kaydedildi! Doğruluk: 94.39%
Epoch 49/50 - Test Doğruluk: 94.47%
En iyi model kaydedildi! Doğruluk: 94.47%
Epoch 50/50 - Test Doğruluk: 94.36%
Eğitim tamamlandı! Toplam süre: 19.63 dakika
En iyi test doğruluğu: 94.47%
