Eğitim cihazı: cuda
Epoch 1/50 - Test Doğruluk: 26.43%
En iyi model kaydedildi! Doğruluk: 26.43%
Epoch 2/50 - Test Doğruluk: 32.32%
En iyi model kaydedildi! Doğruluk: 32.32%
Epoch 3/50 - Test Doğruluk: 40.54%
En iyi model kaydedildi! Doğruluk: 40.54%
Epoch 4/50 - Test Doğruluk: 46.32%
En iyi model kaydedildi! Doğruluk: 46.32%
Epoch 5/50 - Test Doğruluk: 48.27%
En iyi model kaydedildi! Doğruluk: 48.27%
Epoch 6/50 - Test Doğruluk: 50.30%
En iyi model kaydedildi! Doğruluk: 50.30%
Epoch 7/50 - Test Doğruluk: 54.16%
En iyi model kaydedildi! Doğruluk: 54.16%
Epoch 8/50 - Test Doğruluk: 56.30%
En iyi model kaydedildi! Doğruluk: 56.30%
Epoch 9/50 - Test Doğruluk: 57.85%
En iyi model kaydedildi! Doğruluk: 57.85%
Epoch 10/50 - Test Doğruluk: 60.37%
En iyi model kaydedildi! Doğruluk: 60.37%
Epoch 11/50 - Test Doğruluk: 60.82%
En iyi model kaydedildi! Doğruluk: 60.82%
Epoch 12/50 - Test Doğruluk: 61.44%
En iyi model kaydedildi! Doğruluk: 61.44%
Epoch 13/50 - Test Doğruluk: 63.63%
En iyi model kaydedildi! Doğruluk: 63.63%
Epoch 14/50 - Test Doğruluk: 66.26%
En iyi model kaydedildi! Doğruluk: 66.26%
Epoch 15/50 - Test Doğruluk: 67.40%
En iyi model kaydedildi! Doğruluk: 67.40%
Epoch 16/50 - Test Doğruluk: 69.00%
En iyi model kaydedildi! Doğruluk: 69.00%
Epoch 17/50 - Test Doğruluk: 68.60%
Epoch 18/50 - Test Doğruluk: 71.84%
En iyi model kaydedildi! Doğruluk: 71.84%
Epoch 19/50 - Test Doğruluk: 69.90%
Epoch 20/50 - Test Doğruluk: 71.92%
En iyi model kaydedildi! Doğruluk: 71.92%
Epoch 21/50 - Test Doğruluk: 73.08%
En iyi model kaydedildi! Doğruluk: 73.08%
Epoch 22/50 - Test Doğruluk: 73.60%
En iyi model kaydedildi! Doğruluk: 73.60%
Epoch 23/50 - Test Doğruluk: 74.27%
En iyi model kaydedildi! Doğruluk: 74.27%
Epoch 24/50 - Test Doğruluk: 74.30%
En iyi model kaydedildi! Doğruluk: 74.30%
Epoch 25/50 - Test Doğruluk: 74.96%
En iyi model kaydedildi! Doğruluk: 74.96%
Epoch 26/50 - Test Doğruluk: 76.59%
En iyi model kaydedildi! Doğruluk: 76.59%
Epoch 27/50 - Test Doğruluk: 76.06%
Epoch 28/50 - Test Doğruluk: 76.28%
Epoch 29/50 - Test Doğruluk: 76.74%
En iyi model kaydedildi! Doğruluk: 76.74%
Epoch 30/50 - Test Doğruluk: 76.84%
En iyi model kaydedildi! Doğruluk: 76.84%
Epoch 31/50 - Test Doğruluk: 77.22%
En iyi model kaydedildi! Doğruluk: 77.22%
Epoch 32/50 - Test Doğruluk: 77.19%
Epoch 33/50 - Test Doğruluk: 77.16%
Epoch 34/50 - Test Doğruluk: 77.70%
En iyi model kaydedildi! Doğruluk: 77.70%
Epoch 35/50 - Test Doğruluk: 78.00%
En iyi model kaydedildi! Doğruluk: 78.00%
Epoch 36/50 - Test Doğruluk: 78.16%
En iyi model kaydedildi! Doğruluk: 78.16%
Epoch 37/50 - Test Doğruluk: 77.79%
Epoch 38/50 - Test Doğruluk: 77.85%
Epoch 39/50 - Test Doğruluk: 78.32%
En iyi model kaydedildi! Doğruluk: 78.32%
Epoch 40/50 - Test Doğruluk: 78.38%
En iyi model kaydedildi! Doğruluk: 78.38%
Epoch 41/50 - Test Doğruluk: 78.62%
En iyi model kaydedildi! Doğruluk: 78.62%
Epoch 42/50 - Test Doğruluk: 78.46%
Epoch 43/50 - Test Doğruluk: 78.23%
Epoch 44/50 - Test Doğruluk: 78.69%
En iyi model kaydedildi! Doğruluk: 78.69%
Epoch 45/50 - Test Doğruluk: 78.29%
Epoch 46/50 - Test Doğruluk: 78.47%
Epoch 47/50 - Test Doğruluk: 78.43%
Epoch 48/50 - Test Doğruluk: 78.48%
Epoch 49/50 - Test Doğruluk: 78.51%
Epoch 50/50 - Test Doğruluk: 78.56%
Eğitim tamamlandı! Toplam süre: 52.02 dakika
En iyi test doğruluğu: 78.69%
