Eğitim cihazı: cuda
Önceden eğitilmiş model yüklendi.
Adversarial eğitim başlatılıyor...
Clean Test doğruluk: 77.33%
Adversarial Test doğruluk: 24.10%
En iyi adversarial model kaydedildi! Adv. Doğruluk: 24.10%
Clean Test doğruluk: 81.00%
Adversarial Test doğruluk: 31.36%
En iyi adversarial model kaydedildi! Adv. Doğruluk: 31.36%
Clean Test doğruluk: 82.00%
Adversarial Test doğruluk: 30.67%
Clean Test doğruluk: 82.75%
Adversarial Test doğruluk: 30.73%
Clean Test doğruluk: 83.48%
Adversarial Test doğruluk: 34.18%
En iyi adversarial model kaydedildi! Adv. Doğruluk: 34.18%
Clean Test doğruluk: 83.42%
Adversarial Test doğruluk: 31.15%
Clean Test doğruluk: 81.54%
Adversarial Test doğruluk: 35.06%
En iyi adversarial model kaydedildi! Adv. Doğruluk: 35.06%
Clean Test doğruluk: 82.39%
Adversarial Test doğruluk: 35.41%
En iyi adversarial model kaydedildi! Adv. Doğruluk: 35.41%
Clean Test doğruluk: 81.74%
Adversarial Test doğruluk: 37.45%
En iyi adversarial model kaydedildi! Adv. Doğruluk: 37.45%
Clean Test doğruluk: 80.39%
Adversarial Test doğruluk: 39.61%
En iyi adversarial model kaydedildi! Adv. Doğruluk: 39.61%
Clean Test doğruluk: 81.78%
Adversarial Test doğruluk: 39.71%
En iyi adversarial model kaydedildi! Adv. Doğruluk: 39.71%
Clean Test doğruluk: 80.67%
Adversarial Test doğruluk: 40.93%
En iyi adversarial model kaydedildi! Adv. Doğruluk: 40.93%
Clean Test doğruluk: 83.02%
Adversarial Test doğruluk: 41.52%
En iyi adversarial model kaydedildi! Adv. Doğruluk: 41.52%
Clean Test doğruluk: 84.50%
Adversarial Test doğruluk: 38.60%
Clean Test doğruluk: 81.99%
Adversarial Test doğruluk: 42.84%
En iyi adversarial model kaydedildi! Adv. Doğruluk: 42.84%
Clean Test doğruluk: 81.50%
Adversarial Test doğruluk: 43.16%
En iyi adversarial model kaydedildi! Adv. Doğruluk: 43.16%
Clean Test doğruluk: 83.79%
Adversarial Test doğruluk: 41.80%
Clean Test doğruluk: 82.66%
Adversarial Test doğruluk: 43.97%
En iyi adversarial model kaydedildi! Adv. Doğruluk: 43.97%
Clean Test doğruluk: 82.49%
Adversarial Test doğruluk: 44.23%
En iyi adversarial model kaydedildi! Adv. Doğruluk: 44.23%
Clean Test doğruluk: 82.45%
Adversarial Test doğruluk: 44.98%
En iyi adversarial model kaydedildi! Adv. Doğruluk: 44.98%
Clean Test doğruluk: 83.19%
Adversarial Test doğruluk: 44.40%
Clean Test doğruluk: 84.26%
Adversarial Test doğruluk: 43.52%
Clean Test doğruluk: 83.30%
Adversarial Test doğruluk: 44.79%
Clean Test doğruluk: 84.74%
Adversarial Test doğruluk: 43.56%
Clean Test doğruluk: 84.13%
Adversarial Test doğruluk: 43.82%
Eğitim tamamlandı! Toplam süre: 87.93 dakika
En iyi adversarial doğruluk: 44.98%
