Eğitim cihazı: cuda
Önceden eğitilmiş model yüklendi.
Adversarial eğitim başlatılıyor...
Clean Test doğruluk: 47.91%
Adversarial Test doğruluk: 19.09%
En iyi adversarial model kaydedildi! Adv. Doğruluk: 19.09%
Clean Test doğruluk: 50.92%
Adversarial Test doğruluk: 21.81%
En iyi adversarial model kaydedildi! Adv. Doğruluk: 21.81%
Clean Test doğruluk: 54.61%
Adversarial Test doğruluk: 23.79%
En iyi adversarial model kaydedildi! Adv. Doğruluk: 23.79%
Clean Test doğruluk: 55.65%
Adversarial Test doğruluk: 23.22%
Clean Test doğruluk: 58.57%
Adversarial Test doğruluk: 25.18%
En iyi adversarial model kaydedildi! Adv. Doğruluk: 25.18%
Clean Test doğruluk: 57.59%
Adversarial Test doğruluk: 25.30%
En iyi adversarial model kaydedildi! Adv. Doğruluk: 25.30%
Clean Test doğruluk: 59.83%
Adversarial Test doğruluk: 26.12%
En iyi adversarial model kaydedildi! Adv. Doğruluk: 26.12%
Clean Test doğruluk: 59.58%
Adversarial Test doğruluk: 26.62%
En iyi adversarial model kaydedildi! Adv. Doğruluk: 26.62%
Clean Test doğruluk: 60.35%
Adversarial Test doğruluk: 26.51%
Clean Test doğruluk: 60.58%
Adversarial Test doğruluk: 26.26%
Clean Test doğruluk: 60.53%
Adversarial Test doğruluk: 26.52%
Clean Test doğruluk: 62.10%
Adversarial Test doğruluk: 26.49%
Clean Test doğruluk: 62.84%
Adversarial Test doğruluk: 27.11%
En iyi adversarial model kaydedildi! Adv. Doğruluk: 27.11%
Clean Test doğruluk: 63.60%
Adversarial Test doğruluk: 27.45%
En iyi adversarial model kaydedildi! Adv. Doğruluk: 27.45%
Clean Test doğruluk: 63.98%
Adversarial Test doğruluk: 28.03%
En iyi adversarial model kaydedildi! Adv. Doğruluk: 28.03%
Clean Test doğruluk: 64.69%
Adversarial Test doğruluk: 27.51%
Clean Test doğruluk: 64.62%
Adversarial Test doğruluk: 28.40%
En iyi adversarial model kaydedildi! Adv. Doğruluk: 28.40%
Clean Test doğruluk: 64.05%
Adversarial Test doğruluk: 28.42%
En iyi adversarial model kaydedildi! Adv. Doğruluk: 28.42%
Clean Test doğruluk: 65.86%
Adversarial Test doğruluk: 27.67%
Clean Test doğruluk: 65.47%
Adversarial Test doğruluk: 28.09%
Clean Test doğruluk: 65.77%
Adversarial Test doğruluk: 28.20%
Clean Test doğruluk: 65.86%
Adversarial Test doğruluk: 28.00%
Clean Test doğruluk: 66.43%
Adversarial Test doğruluk: 27.71%
Clean Test doğruluk: 66.42%
Adversarial Test doğruluk: 27.91%
Clean Test doğruluk: 66.33%
Adversarial Test doğruluk: 27.56%
Eğitim tamamlandı! Toplam süre: 250.96 dakika
En iyi adversarial doğruluk: 28.42%
