Değerlendirme cihazı: cuda
Model yüklendi: models/resnet/adv/resnet18_adv_cifar10.pth
Temiz doğruluk: 84.10%

AutoAttack değerlendirmesi başlatılıyor (ε=0.00784313725490196)...
setting parameters for standard version
using standard version including apgd-ce, apgd-t, fab-t, square.
initial accuracy: 84.10%
apgd-ce - 1/9 - 5 out of 100 successfully perturbed
apgd-ce - 2/9 - 8 out of 100 successfully perturbed
apgd-ce - 3/9 - 13 out of 100 successfully perturbed
apgd-ce - 4/9 - 9 out of 100 successfully perturbed
apgd-ce - 5/9 - 9 out of 100 successfully perturbed
apgd-ce - 6/9 - 9 out of 100 successfully perturbed
apgd-ce - 7/9 - 8 out of 100 successfully perturbed
apgd-ce - 8/9 - 13 out of 100 successfully perturbed
apgd-ce - 9/9 - 3 out of 41 successfully perturbed
robust accuracy after APGD-CE: 76.40% (total time 39.3 s)
apgd-t - 1/8 - 4 out of 100 successfully perturbed
apgd-t - 2/8 - 1 out of 100 successfully perturbed
apgd-t - 3/8 - 1 out of 100 successfully perturbed
apgd-t - 4/8 - 4 out of 100 successfully perturbed
apgd-t - 5/8 - 1 out of 100 successfully perturbed
apgd-t - 6/8 - 3 out of 100 successfully perturbed
apgd-t - 7/8 - 1 out of 100 successfully perturbed
apgd-t - 8/8 - 0 out of 64 successfully perturbed
robust accuracy after APGD-T: 74.90% (total time 459.0 s)
fab-t - 1/8 - 0 out of 100 successfully perturbed
fab-t - 2/8 - 0 out of 100 successfully perturbed
fab-t - 3/8 - 0 out of 100 successfully perturbed
fab-t - 4/8 - 0 out of 100 successfully perturbed
fab-t - 5/8 - 0 out of 100 successfully perturbed
fab-t - 6/8 - 0 out of 100 successfully perturbed
fab-t - 7/8 - 0 out of 100 successfully perturbed
fab-t - 8/8 - 0 out of 49 successfully perturbed
robust accuracy after FAB-T: 74.90% (total time 1342.4 s)
square - 1/8 - 0 out of 100 successfully perturbed
square - 2/8 - 0 out of 100 successfully perturbed
square - 3/8 - 0 out of 100 successfully perturbed
square - 4/8 - 0 out of 100 successfully perturbed
square - 5/8 - 0 out of 100 successfully perturbed
square - 6/8 - 0 out of 100 successfully perturbed
square - 7/8 - 0 out of 100 successfully perturbed
square - 8/8 - 0 out of 49 successfully perturbed
robust accuracy after SQUARE: 74.90% (total time 2460.9 s)
max Linf perturbation: 0.00784, nan in tensor: 0, max: 1.00000, min: 0.00000
robust accuracy: 74.90%
AutoAttack (ε=0.00784313725490196) doğruluk: 74.90%
Süre: 41.02 dakika

AutoAttack değerlendirmesi başlatılıyor (ε=0.01568627450980392)...
setting parameters for standard version
using standard version including apgd-ce, apgd-t, fab-t, square.
initial accuracy: 84.10%
apgd-ce - 1/9 - 16 out of 100 successfully perturbed
apgd-ce - 2/9 - 17 out of 100 successfully perturbed
apgd-ce - 3/9 - 27 out of 100 successfully perturbed
apgd-ce - 4/9 - 24 out of 100 successfully perturbed
apgd-ce - 5/9 - 23 out of 100 successfully perturbed
apgd-ce - 6/9 - 20 out of 100 successfully perturbed
apgd-ce - 7/9 - 19 out of 100 successfully perturbed
apgd-ce - 8/9 - 22 out of 100 successfully perturbed
apgd-ce - 9/9 - 8 out of 41 successfully perturbed
robust accuracy after APGD-CE: 66.50% (total time 25.4 s)
apgd-t - 1/7 - 6 out of 100 successfully perturbed
apgd-t - 2/7 - 2 out of 100 successfully perturbed
apgd-t - 3/7 - 10 out of 100 successfully perturbed
apgd-t - 4/7 - 6 out of 100 successfully perturbed
apgd-t - 5/7 - 5 out of 100 successfully perturbed
apgd-t - 6/7 - 4 out of 100 successfully perturbed
apgd-t - 7/7 - 2 out of 65 successfully perturbed
robust accuracy after APGD-T: 63.00% (total time 256.4 s)
fab-t - 1/7 - 0 out of 100 successfully perturbed
fab-t - 2/7 - 0 out of 100 successfully perturbed
fab-t - 3/7 - 0 out of 100 successfully perturbed
fab-t - 4/7 - 0 out of 100 successfully perturbed
fab-t - 5/7 - 0 out of 100 successfully perturbed
fab-t - 6/7 - 0 out of 100 successfully perturbed
fab-t - 7/7 - 0 out of 30 successfully perturbed
robust accuracy after FAB-T: 63.00% (total time 971.5 s)
square - 1/7 - 0 out of 100 successfully perturbed
square - 2/7 - 0 out of 100 successfully perturbed
square - 3/7 - 0 out of 100 successfully perturbed
square - 4/7 - 0 out of 100 successfully perturbed
square - 5/7 - 0 out of 100 successfully perturbed
square - 6/7 - 0 out of 100 successfully perturbed
square - 7/7 - 0 out of 30 successfully perturbed
robust accuracy after SQUARE: 63.00% (total time 1844.9 s)
max Linf perturbation: 0.01569, nan in tensor: 0, max: 1.00000, min: 0.00000
robust accuracy: 63.00%
AutoAttack (ε=0.01568627450980392) doğruluk: 63.00%
Süre: 30.75 dakika

AutoAttack değerlendirmesi başlatılıyor (ε=0.03137254901960784)...
setting parameters for standard version
using standard version including apgd-ce, apgd-t, fab-t, square.
initial accuracy: 84.10%
apgd-ce - 1/9 - 44 out of 100 successfully perturbed
apgd-ce - 2/9 - 46 out of 100 successfully perturbed
apgd-ce - 3/9 - 53 out of 100 successfully perturbed
apgd-ce - 4/9 - 59 out of 100 successfully perturbed
apgd-ce - 5/9 - 46 out of 100 successfully perturbed
apgd-ce - 6/9 - 51 out of 100 successfully perturbed
apgd-ce - 7/9 - 37 out of 100 successfully perturbed
apgd-ce - 8/9 - 47 out of 100 successfully perturbed
apgd-ce - 9/9 - 21 out of 41 successfully perturbed
robust accuracy after APGD-CE: 43.70% (total time 25.9 s)
apgd-t - 1/5 - 11 out of 100 successfully perturbed
apgd-t - 2/5 - 3 out of 100 successfully perturbed
apgd-t - 3/5 - 7 out of 100 successfully perturbed
apgd-t - 4/5 - 9 out of 100 successfully perturbed
apgd-t - 5/5 - 2 out of 37 successfully perturbed
robust accuracy after APGD-T: 40.50% (total time 184.6 s)
fab-t - 1/5 - 0 out of 100 successfully perturbed
fab-t - 2/5 - 0 out of 100 successfully perturbed
fab-t - 3/5 - 0 out of 100 successfully perturbed
fab-t - 4/5 - 0 out of 100 successfully perturbed
fab-t - 5/5 - 0 out of 5 successfully perturbed
robust accuracy after FAB-T: 40.50% (total time 624.6 s)
square - 1/5 - 0 out of 100 successfully perturbed
square - 2/5 - 0 out of 100 successfully perturbed
square - 3/5 - 0 out of 100 successfully perturbed
square - 4/5 - 0 out of 100 successfully perturbed
square - 5/5 - 0 out of 5 successfully perturbed
robust accuracy after SQUARE: 40.50% (total time 1298.6 s)
max Linf perturbation: 0.03137, nan in tensor: 0, max: 1.00000, min: 0.00000
robust accuracy: 40.50%
AutoAttack (ε=0.03137254901960784) doğruluk: 40.50%
Süre: 21.65 dakika
Sonuçlar kaydedildi: results/resnet_adv_autoattack_results.csv
