Değerlendirme cihazı: cuda
Model yüklendi: models/vit/clean/vit_tiny_cifar10.pth
Normal değerlendirme doğruluk: 78.69%
TTA değerlendirme doğruluk: 78.62%
Normal değerlendirme (FGSM (ε=0.00784313725490196)) doğruluk: 7.17%
TTA değerlendirme (FGSM (ε=0.00784313725490196)) doğruluk: 7.15%
Normal değerlendirme (PGD (ε=0.00784313725490196)) doğruluk: 1.47%
TTA değerlendirme (PGD (ε=0.00784313725490196)) doğruluk: 1.61%
Normal değerlendirme (FGSM (ε=0.03137254901960784)) doğruluk: 2.14%
TTA değerlendirme (FGSM (ε=0.03137254901960784)) doğruluk: 2.15%
Normal değerlendirme (PGD (ε=0.03137254901960784)) doğruluk: 0.00%
TTA değerlendirme (PGD (ε=0.03137254901960784)) doğruluk: 0.00%
Sonuçlar kaydedildi: results/vit_clean_tta_defense.csv
TTA iyileştirme - Clean: -0.07%
TTA iyileştirme - FGSM (ε=0.00784313725490196): -0.02%
TTA iyileştirme - FGSM (ε=0.03137254901960784): 0.01%
TTA iyileştirme - PGD (ε=0.00784313725490196): 0.14%
TTA iyileştirme - PGD (ε=0.03137254901960784): 0.00%

--- SAVUNMA ETKİNLİĞİ ÖZETİ ---
Model: VIT (Temiz Eğitimli)
Temiz doğruluk: 78.69%
TTA doğruluk: 78.62%
FGSM (ε=0.00784313725490196): 7.17% → 7.15% (TTA: +-0.02%)
FGSM (ε=0.03137254901960784): 2.14% → 2.15% (TTA: +0.01%)
PGD (ε=0.00784313725490196): 1.47% → 1.61% (TTA: +0.14%)
PGD (ε=0.03137254901960784): 0.00% → 0.00% (TTA: +0.00%)
